../Core/Src/DEFINES_FUNCTIONS.h:55:6:MPU6050_Init	32	static
../Core/Src/DEFINES_FUNCTIONS.h:77:6:MPU6500_Read_Values	4	static
../Core/Src/DEFINES_FUNCTIONS.h:80:6:BMP280_Init	56	static
../Core/Src/DEFINES_FUNCTIONS.h:122:6:BMP280_Read_Measures	64	static
../Core/Src/DEFINES_FUNCTIONS.h:163:6:bmp280_altitude_sTemp	40	static
../Core/Src/DEFINES_FUNCTIONS.h:192:6:animation	16	static
../Core/Src/DEFINES_FUNCTIONS.h:234:6:menu	16	static
../Core/Src/DEFINES_FUNCTIONS.h:254:6:read_accel	40	static
../Core/Src/DEFINES_FUNCTIONS.h:294:6:read_gyro	48	static
../Core/Src/main.c:76:5:main	8	static
../Core/Src/main.c:187:6:SystemClock_Config	88	static
../Core/Src/main.c:226:13:MX_I2C1_Init	8	static
../Core/Src/main.c:258:13:MX_USART1_UART_Init	8	static
../Core/Src/main.c:289:13:MX_GPIO_Init	40	static
../Core/Src/main.c:311:5:__io_putchar	16	static
../Core/Src/main.c:317:5:__io_getchar	4	static
../Core/Src/main.c:321:6:USART1_IRQHandler	8	static
../Core/Src/main.c:331:6:Error_Handler	4	static,ignoring_inline_asm
