../Core/Src/auxiliary_material.h:49:6:MPU6050_Init	32	static
../Core/Src/auxiliary_material.h:71:6:MPU6050_Read_Accel	40	static
../Core/Src/auxiliary_material.h:93:6:BMP280_Init	56	static
../Core/Src/auxiliary_material.h:135:6:BMP280_Read_Measures	64	static
../Core/Src/main.c:78:5:main	32	static
../Core/Src/main.c:209:6:SystemClock_Config	88	static
../Core/Src/main.c:248:13:MX_I2C1_Init	8	static
../Core/Src/main.c:280:13:MX_USART1_UART_Init	8	static
../Core/Src/main.c:311:13:MX_GPIO_Init	40	static
../Core/Src/main.c:333:5:__io_putchar	16	static
../Core/Src/main.c:339:5:__io_getchar	4	static
../Core/Src/main.c:343:6:USART1_IRQHandler	8	static
../Core/Src/main.c:353:6:Error_Handler	4	static,ignoring_inline_asm
