../Core/Src/auxiliary_material.h:51:6:MPU6050_Init	32	static
../Core/Src/auxiliary_material.h:73:6:MPU6500_Read_Values	40	static
../Core/Src/auxiliary_material.h:95:6:BMP280_Init	56	static
../Core/Src/auxiliary_material.h:137:6:BMP280_Read_Measures	64	static
../Core/Src/auxiliary_material.h:178:6:animation	16	static
../Core/Src/main.c:78:5:main	32	static
../Core/Src/main.c:222:6:SystemClock_Config	88	static
../Core/Src/main.c:261:13:MX_I2C1_Init	8	static
../Core/Src/main.c:293:13:MX_USART1_UART_Init	8	static
../Core/Src/main.c:324:13:MX_GPIO_Init	40	static
../Core/Src/main.c:346:5:__io_putchar	16	static
../Core/Src/main.c:352:5:__io_getchar	4	static
../Core/Src/main.c:356:6:USART1_IRQHandler	8	static
../Core/Src/main.c:366:6:Error_Handler	4	static,ignoring_inline_asm
